// Jest Snapshot v1, https://goo.gl/fbAQLP

exports[`should render Login page  correctly with given strings 1`] = `
<ContextConsumer>
  <Component />
</ContextConsumer>
`;

exports[`should render correctly with no props 1`] = `
<ContextConsumer>
  <Component />
</ContextConsumer>
`;
